     1                                  bits 32 
     2                                  global start        
     3                                  
     4                                  
     5                                  extern exit, printf              
     6                                  import exit msvcrt.dll    
     7                                  import printf msvcrt.dll    
     8                                  segment data use32 class=data
     9                                      
    10 00000000 <res 00000004>              a resd 1
    11 00000004 256400                      format_print db "%d", 0
    12                                      
    13                                  segment code use32 class=code
    14                                      start:
    15                                          
    16 00000000 31C0                            xor eax, eax
    17 00000002 31DB                            xor ebx, ebx
    18                                          
    19 00000004 B8E8030000                      mov eax, 1000
    20                                          
    21 00000009 A3[00000000]                    mov dword [a], eax
    22                                          
    23 0000000E FF35[00000000]                  push dword [a]
    24 00000014 68[04000000]                    push format_print
    25 00000019 FF15[00000000]                  call [printf]
    26 0000001F 83C408                          add esp, 2 * 4
    27                                          
    28 00000022 6A00                            push    dword 0      ; push the parameter for exit onto the stack
    29 00000024 FF15[00000000]                  call    [exit]       ; call exit to terminate the program
